
> impactapp-web@1.0.0 build
> next build

  Ôû▓ Next.js 14.2.35
  - Environments: .env.local, .env
  - Experiments (use with caution):
    ┬À optimizeCss
    ┬À scrollRestoration

   Creating an optimized production build ...
warn  - It seems like you don't have a global error handler set up. It is recommended that you add a global-error.js file with Sentry instrumentation so that React rendering errors are reported to Sentry. Read more: https://docs.sentry.io/platforms/javascript/guides/nextjs/manual-setup/#react-render-errors-in-app-router
node.exe : 
At line:1 char:1
+ & "C:\Program Files\nodejs/node.exe" "C:\Users\LENOVO 1\AppData\Roami ...
+ ~~~~~~~~~~~~~~~~~~~~~~~~~~~~~~~~~~~~~~~~~~~~~~~~~~~~~~~~~~~~~~~~~~~~~
    + CategoryInfo          : NotSpecified: (:String) [], RemoteException
    + FullyQualifiedErrorId : NativeCommandError
 
warn  - In order to be able to deminify errors, @sentry/nextjs creates sourcemaps and uploads them to the Sentry 
server. Depending on your deployment setup, this means your original code may be visible in browser devtools in 
production. To prevent this, set hideSourceMaps to true in the sentry options in your next.config.js. To disable this 
warning without changing sourcemap behavior, set hideSourceMaps to false. (In @sentry/nextjs version 8.0.0 and beyond, 
this option will default to true.) See https://webpack.js.org/configuration/devtool/ and 
https://docs.sentry.io/platforms/javascript/guides/nextjs/manual-setup/#use-hidden-source-map for more information.

[@sentry/nextjs] You are using Next.js features that run on the Edge Runtime. Please add a "sentry.edge.config.js" or a 
"sentry.edge.config.ts" file to your project root in which you initialize the Sentry SDK with "Sentry.init()".
error - No Sentry organization slug configured. Source maps will not be uploaded.
To fix this, set the SENTRY_ORG environment variable to the to your organization slug during the build.

 ÔÜá Compiled with warnings

./src/app/dashboard/admin/tiers/TierUsersModal.tsx
Attempted import error: '@/components/ui/Card' does not contain a default export (imported as 'Card').

Import trace for requested module:
./src/app/dashboard/admin/tiers/TierUsersModal.tsx
./src/app/dashboard/admin/tiers/page.tsx

./src/app/dashboard/admin/tiers/TierUsersModal.tsx
Attempted import error: '@/components/ui/Button' does not contain a default export (imported as 'Button').

Import trace for requested module:
./src/app/dashboard/admin/tiers/TierUsersModal.tsx
./src/app/dashboard/admin/tiers/page.tsx

./src/app/dashboard/admin/tiers/page.tsx
Attempted import error: '@/components/ui/Button' does not contain a default export (imported as 'Button').

Import trace for requested module:
./src/app/dashboard/admin/tiers/page.tsx

./src/app/dashboard/admin/tiers/page.tsx
Attempted import error: '@/components/ui/Card' does not contain a default export (imported as 'Card').

Import trace for requested module:
./src/app/dashboard/admin/tiers/page.tsx

./src/app/dashboard/admin/tiers/page.tsx
Attempted import error: '@/components/ui/Card' does not contain a default export (imported as 'Card').

Import trace for requested module:
./src/app/dashboard/admin/tiers/page.tsx

./src/app/dashboard/admin/users/CreateUserModal.tsx
Attempted import error: '@/components/ui/Card' does not contain a default export (imported as 'Card').

Import trace for requested module:
./src/app/dashboard/admin/users/CreateUserModal.tsx
./src/app/dashboard/admin/users/page.tsx

./src/app/dashboard/admin/users/CreateUserModal.tsx
Attempted import error: '@/components/ui/Button' does not contain a default export (imported as 'Button').

Import trace for requested module:
./src/app/dashboard/admin/users/CreateUserModal.tsx
./src/app/dashboard/admin/users/page.tsx

./src/app/dashboard/admin/users/CreateUserModal.tsx
Attempted import error: '@/components/ui/Button' does not contain a default export (imported as 'Button').

Import trace for requested module:
./src/app/dashboard/admin/users/CreateUserModal.tsx
./src/app/dashboard/admin/users/page.tsx

./src/app/dashboard/admin/users/DeleteConfirmModal.tsx
Attempted import error: '@/components/ui/Card' does not contain a default export (imported as 'Card').

Import trace for requested module:
./src/app/dashboard/admin/users/DeleteConfirmModal.tsx
./src/app/dashboard/admin/users/page.tsx

./src/app/dashboard/admin/users/DeleteConfirmModal.tsx
Attempted import error: '@/components/ui/Button' does not contain a default export (imported as 'Button').

Import trace for requested module:
./src/app/dashboard/admin/users/DeleteConfirmModal.tsx
./src/app/dashboard/admin/users/page.tsx

./src/app/dashboard/admin/users/DeleteConfirmModal.tsx
Attempted import error: '@/components/ui/Button' does not contain a default export (imported as 'Button').

Import trace for requested module:
./src/app/dashboard/admin/users/DeleteConfirmModal.tsx
./src/app/dashboard/admin/users/page.tsx

./src/app/dashboard/admin/users/page.tsx
Attempted import error: '@/components/ui/Button' does not contain a default export (imported as 'Button').

Import trace for requested module:
./src/app/dashboard/admin/users/page.tsx

./src/app/dashboard/admin/users/page.tsx
Attempted import error: '@/components/ui/Card' does not contain a default export (imported as 'Card').

Import trace for requested module:
./src/app/dashboard/admin/users/page.tsx

./src/app/dashboard/admin/users/page.tsx
Attempted import error: '@/components/ui/Card' does not contain a default export (imported as 'Card').

Import trace for requested module:
./src/app/dashboard/admin/users/page.tsx

./src/app/dashboard/admin/tiers/page.tsx
Attempted import error: '@/components/ui/Button' does not contain a default export (imported as 'Button').

Import trace for requested module:
./src/app/dashboard/admin/tiers/page.tsx

./src/app/dashboard/admin/tiers/page.tsx
Attempted import error: '@/components/ui/Card' does not contain a default export (imported as 'Card').

Import trace for requested module:
./src/app/dashboard/admin/tiers/page.tsx

./src/app/dashboard/admin/tiers/page.tsx
Attempted import error: '@/components/ui/Card' does not contain a default export (imported as 'Card').

Import trace for requested module:
./src/app/dashboard/admin/tiers/page.tsx

./src/app/dashboard/admin/users/page.tsx
Attempted import error: '@/components/ui/Button' does not contain a default export (imported as 'Button').

Import trace for requested module:
./src/app/dashboard/admin/users/page.tsx

./src/app/dashboard/admin/users/page.tsx
Attempted import error: '@/components/ui/Card' does not contain a default export (imported as 'Card').

Import trace for requested module:
./src/app/dashboard/admin/users/page.tsx

./src/app/dashboard/admin/users/page.tsx
Attempted import error: '@/components/ui/Card' does not contain a default export (imported as 'Card').

Import trace for requested module:
./src/app/dashboard/admin/users/page.tsx

./src/app/dashboard/admin/tiers/TierUsersModal.tsx
Attempted import error: '@/components/ui/Card' does not contain a default export (imported as 'Card').

   Skipping validation of types
   Linting ...
Import trace for requested module:
./src/app/dashboard/admin/tiers/TierUsersModal.tsx
./src/app/dashboard/admin/tiers/page.tsx

./src/app/dashboard/admin/tiers/TierUsersModal.tsx
Attempted import error: '@/components/ui/Button' does not contain a default export (imported as 'Button').

Import trace for requested module:
./src/app/dashboard/admin/tiers/TierUsersModal.tsx
./src/app/dashboard/admin/tiers/page.tsx

./src/app/dashboard/admin/users/CreateUserModal.tsx
Attempted import error: '@/components/ui/Card' does not contain a default export (imported as 'Card').

Import trace for requested module:
./src/app/dashboard/admin/users/CreateUserModal.tsx
./src/app/dashboard/admin/users/page.tsx

./src/app/dashboard/admin/users/CreateUserModal.tsx
Attempted import error: '@/components/ui/Button' does not contain a default export (imported as 'Button').

Import trace for requested module:
./src/app/dashboard/admin/users/CreateUserModal.tsx
./src/app/dashboard/admin/users/page.tsx

./src/app/dashboard/admin/users/CreateUserModal.tsx
Attempted import error: '@/components/ui/Button' does not contain a default export (imported as 'Button').

Import trace for requested module:
./src/app/dashboard/admin/users/CreateUserModal.tsx
./src/app/dashboard/admin/users/page.tsx

./src/app/dashboard/admin/users/DeleteConfirmModal.tsx
Attempted import error: '@/components/ui/Card' does not contain a default export (imported as 'Card').

Import trace for requested module:
./src/app/dashboard/admin/users/DeleteConfirmModal.tsx
./src/app/dashboard/admin/users/page.tsx

./src/app/dashboard/admin/users/DeleteConfirmModal.tsx
Attempted import error: '@/components/ui/Button' does not contain a default export (imported as 'Button').

Import trace for requested module:
./src/app/dashboard/admin/users/DeleteConfirmModal.tsx
./src/app/dashboard/admin/users/page.tsx

./src/app/dashboard/admin/users/DeleteConfirmModal.tsx
Attempted import error: '@/components/ui/Button' does not contain a default export (imported as 'Button').

Import trace for requested module:
./src/app/dashboard/admin/users/DeleteConfirmModal.tsx
./src/app/dashboard/admin/users/page.tsx


./src/app/dashboard/admin/analytics/page.tsx
56:6  Warning: React Hook useEffect has a missing dependency: 'fetchAnalytics'. Either include it or remove the dependency array.  react-hooks/exhaustive-deps

./src/app/dashboard/admin/tiers/page.tsx
85:6  Warning: React Hook useEffect has a missing dependency: 'fetchTiers'. Either include it or remove the dependency array.  react-hooks/exhaustive-deps

./src/app/dashboard/admin/tiers/TierUsersModal.tsx
43:6  Warning: React Hook useEffect has a missing dependency: 'fetchTierUsers'. Either include it or remove the dependency array.  react-hooks/exhaustive-deps

./src/app/dashboard/admin/users/page.tsx
102:6  Warning: React Hook useEffect has a missing dependency: 'fetchUsers'. Either include it or remove the dependency array.  react-hooks/exhaustive-deps

./src/app/dashboard/events/page.tsx
314:13  Warning: Using `<img>` could result in slower LCP and higher bandwidth. Consider using `<Image />` from `next/image` to automatically optimize images. This may incur additional usage or cost from your provider. See: https://nextjs.org/docs/messages/no-img-element  @next/next/no-img-element

./src/app/dashboard/learning-journey/page.tsx
100:23  Warning: Using `<img>` could result in slower LCP and higher bandwidth. Consider using `<Image />` from `next/image` to automatically optimize images. This may incur additional usage or cost from your provider. See: https://nextjs.org/docs/messages/no-img-element  @next/next/no-img-element

./src/app/dashboard/my-events/page.tsx
256:23  Warning: Using `<img>` could result in slower LCP and higher bandwidth. Consider using `<Image />` from `next/image` to automatically optimize images. This may incur additional usage or cost from your provider. See: https://nextjs.org/docs/messages/no-img-element  @next/next/no-img-element

./src/app/dashboard/settings/page.tsx
83:6  Warning: React Hook useEffect has a missing dependency: 'loadUserSettings'. Either include it or remove the dependency array.  react-hooks/exhaustive-deps

./src/components/layout/DashboardSidebar.tsx
88:6  Warning: React Hook useEffect has a missing dependency: 'menuConfig.menuItems'. Either include it or remove the dependency array.  react-hooks/exhaustive-deps

./src/components/Logo.tsx
26:5  Warning: Using `<img>` could result in slower LCP and higher bandwidth. Consider using `<Image />` from `next/image` to automatically optimize images. This may incur additional usage or cost from your provider. See: https://nextjs.org/docs/messages/no-img-element  @next/next/no-img-element

./src/components/LogoIntro.tsx
48:69  Warning: The ref value 'animationTimerRef.current' will likely have changed by the time this effect cleanup function runs. If this ref points to a node rendered by React, copy 'animationTimerRef.current' to a variable inside the effect, and use that variable in the cleanup function.  react-hooks/exhaustive-deps

./src/hooks/useCourseDetail.ts
106:6  Warning: React Hook useEffect has a missing dependency: 'fetchCourse'. Either include it or remove the dependency array.  react-hooks/exhaustive-deps

./src/hooks/useScrollAnimation.ts
30:32  Warning: The ref value 'ref.current' will likely have changed by the time this effect cleanup function runs. If this ref points to a node rendered by React, copy 'ref.current' to a variable inside the effect, and use that variable in the cleanup function.  react-hooks/exhaustive-deps

./src/lib/apiConfig.ts
89:1  Warning: Assign object to a variable before exporting as module default  import/no-anonymous-default-export

./src/lib/firebase/admin.ts
43:1  Warning: Assign object to a variable before exporting as module default  import/no-anonymous-default-export

./src/lib/firebase/client.ts
44:1  Warning: Assign object to a variable before exporting as module default  import/no-anonymous-default-export

info  - Need to disable some ESLint rules? Learn more here: https://nextjs.org/docs/basic-features/eslint#disabling-rules
   Collecting page data ...
   Generating static pages (0/112) ...
ÔØî Fetch assignments error: B [Error]: Dynamic server usage: Route /api/assignments couldn't be rendered statically 
because it used `request.headers`. See more info here: https://nextjs.org/docs/messages/dynamic-server-error
    at V (C:\DEV3\ImpactEdu\impactapp-web\node_modules\next\dist\compiled\next-server\app-route.runtime.prod.js:6:21778)
    at Object.get 
(C:\DEV3\ImpactEdu\impactapp-web\node_modules\next\dist\compiled\next-server\app-route.runtime.prod.js:6:29465)
    at C:\DEV3\ImpactEdu\impactapp-web\.next\server\app\api\assignments\route.js:1:2102
    at C:\DEV3\ImpactEdu\impactapp-web\node_modules\next\dist\compiled\next-server\app-route.runtime.prod.js:6:38417
    at C:\DEV3\ImpactEdu\impactapp-web\node_modules\next\dist\server\lib\trace\tracer.js:140:36
    at NoopContextManager.with 
(C:\DEV3\ImpactEdu\impactapp-web\node_modules\@opentelemetry\api\build\src\context\NoopContextManager.js:14:19)
    at ContextAPI.with (C:\DEV3\ImpactEdu\impactapp-web\node_modules\@opentelemetry\api\build\src\api\context.js:51:46)
    at NoopTracer.startActiveSpan 
(C:\DEV3\ImpactEdu\impactapp-web\node_modules\@opentelemetry\api\build\src\trace\NoopTracer.js:54:31)
    at ProxyTracer.startActiveSpan 
(C:\DEV3\ImpactEdu\impactapp-web\node_modules\@opentelemetry\api\build\src\trace\ProxyTracer.js:27:24)
    at C:\DEV3\ImpactEdu\impactapp-web\node_modules\next\dist\server\lib\trace\tracer.js:122:103 {
  description: "Route /api/assignments couldn't be rendered statically because it used `request.headers`. See more info 
here: https://nextjs.org/docs/messages/dynamic-server-error",
  digest: 'DYNAMIC_SERVER_USAGE'
}
ÔØî Admin dashboard error: B [Error]: Dynamic server usage: Route /api/admin/dashboard couldn't be rendered statically 
because it used `request.headers`. See more info here: https://nextjs.org/docs/messages/dynamic-server-error
    at V (C:\DEV3\ImpactEdu\impactapp-web\node_modules\next\dist\compiled\next-server\app-route.runtime.prod.js:6:21778)
    at Object.get 
(C:\DEV3\ImpactEdu\impactapp-web\node_modules\next\dist\compiled\next-server\app-route.runtime.prod.js:6:29465)
    at C:\DEV3\ImpactEdu\impactapp-web\.next\server\app\api\admin\dashboard\route.js:1:2153
    at C:\DEV3\ImpactEdu\impactapp-web\node_modules\next\dist\compiled\next-server\app-route.runtime.prod.js:6:38417
    at C:\DEV3\ImpactEdu\impactapp-web\node_modules\next\dist\server\lib\trace\tracer.js:140:36
    at NoopContextManager.with 
(C:\DEV3\ImpactEdu\impactapp-web\node_modules\@opentelemetry\api\build\src\context\NoopContextManager.js:14:19)
    at ContextAPI.with (C:\DEV3\ImpactEdu\impactapp-web\node_modules\@opentelemetry\api\build\src\api\context.js:51:46)
    at NoopTracer.startActiveSpan 
(C:\DEV3\ImpactEdu\impactapp-web\node_modules\@opentelemetry\api\build\src\trace\NoopTracer.js:54:31)
    at ProxyTracer.startActiveSpan 
(C:\DEV3\ImpactEdu\impactapp-web\node_modules\@opentelemetry\api\build\src\trace\ProxyTracer.js:27:24)
    at C:\DEV3\ImpactEdu\impactapp-web\node_modules\next\dist\server\lib\trace\tracer.js:122:103 {
  description: "Route /api/admin/dashboard couldn't be rendered statically because it used `request.headers`. See more 
info here: https://nextjs.org/docs/messages/dynamic-server-error",
  digest: 'DYNAMIC_SERVER_USAGE'
}
Error fetching analytics: B [Error]: Dynamic server usage: Route /api/admin/events/analytics couldn't be rendered 
statically because it used `request.headers`. See more info here: https://nextjs.org/docs/messages/dynamic-server-error
    at V (C:\DEV3\ImpactEdu\impactapp-web\node_modules\next\dist\compiled\next-server\app-route.runtime.prod.js:6:21778)
    at Object.get 
(C:\DEV3\ImpactEdu\impactapp-web\node_modules\next\dist\compiled\next-server\app-route.runtime.prod.js:6:29465)
    at C:\DEV3\ImpactEdu\impactapp-web\.next\server\app\api\admin\events\analytics\route.js:1:2111
    at C:\DEV3\ImpactEdu\impactapp-web\node_modules\next\dist\compiled\next-server\app-route.runtime.prod.js:6:38417
    at C:\DEV3\ImpactEdu\impactapp-web\node_modules\next\dist\server\lib\trace\tracer.js:140:36
    at NoopContextManager.with 
(C:\DEV3\ImpactEdu\impactapp-web\node_modules\@opentelemetry\api\build\src\context\NoopContextManager.js:14:19)
    at ContextAPI.with (C:\DEV3\ImpactEdu\impactapp-web\node_modules\@opentelemetry\api\build\src\api\context.js:51:46)
    at NoopTracer.startActiveSpan 
(C:\DEV3\ImpactEdu\impactapp-web\node_modules\@opentelemetry\api\build\src\trace\NoopTracer.js:54:31)
    at ProxyTracer.startActiveSpan 
(C:\DEV3\ImpactEdu\impactapp-web\node_modules\@opentelemetry\api\build\src\trace\ProxyTracer.js:27:24)
    at C:\DEV3\ImpactEdu\impactapp-web\node_modules\next\dist\server\lib\trace\tracer.js:122:103 {
  description: "Route /api/admin/events/analytics couldn't be rendered statically because it used `request.headers`. 
See more info here: https://nextjs.org/docs/messages/dynamic-server-error",
  digest: 'DYNAMIC_SERVER_USAGE'
}
ÔØî Fetch school metrics error: B [Error]: Dynamic server usage: Route /api/admin/school couldn't be rendered 
statically because it used `request.headers`. See more info here: https://nextjs.org/docs/messages/dynamic-server-error
    at V (C:\DEV3\ImpactEdu\impactapp-web\node_modules\next\dist\compiled\next-server\app-route.runtime.prod.js:6:21778)
    at Object.get 
(C:\DEV3\ImpactEdu\impactapp-web\node_modules\next\dist\compiled\next-server\app-route.runtime.prod.js:6:29465)
    at C:\DEV3\ImpactEdu\impactapp-web\.next\server\app\api\admin\school\route.js:1:2103
    at C:\DEV3\ImpactEdu\impactapp-web\node_modules\next\dist\compiled\next-server\app-route.runtime.prod.js:6:38417
    at C:\DEV3\ImpactEdu\impactapp-web\node_modules\next\dist\server\lib\trace\tracer.js:140:36
    at NoopContextManager.with 
(C:\DEV3\ImpactEdu\impactapp-web\node_modules\@opentelemetry\api\build\src\context\NoopContextManager.js:14:19)
    at ContextAPI.with (C:\DEV3\ImpactEdu\impactapp-web\node_modules\@opentelemetry\api\build\src\api\context.js:51:46)
    at NoopTracer.startActiveSpan 
(C:\DEV3\ImpactEdu\impactapp-web\node_modules\@opentelemetry\api\build\src\trace\NoopTracer.js:54:31)
    at ProxyTracer.startActiveSpan 
(C:\DEV3\ImpactEdu\impactapp-web\node_modules\@opentelemetry\api\build\src\trace\ProxyTracer.js:27:24)
    at C:\DEV3\ImpactEdu\impactapp-web\node_modules\next\dist\server\lib\trace\tracer.js:122:103 {
  description: "Route /api/admin/school couldn't be rendered statically because it used `request.headers`. See more 
info here: https://nextjs.org/docs/messages/dynamic-server-error",
  digest: 'DYNAMIC_SERVER_USAGE'
}
Fetch circle member data error: B [Error]: Dynamic server usage: Route /api/circle-member couldn't be rendered 
statically because it used `request.headers`. See more info here: https://nextjs.org/docs/messages/dynamic-server-error
    at V (C:\DEV3\ImpactEdu\impactapp-web\node_modules\next\dist\compiled\next-server\app-route.runtime.prod.js:6:21778)
    at Object.get 
(C:\DEV3\ImpactEdu\impactapp-web\node_modules\next\dist\compiled\next-server\app-route.runtime.prod.js:6:29465)
    at C:\DEV3\ImpactEdu\impactapp-web\.next\server\app\api\circle-member\route.js:1:2104
    at C:\DEV3\ImpactEdu\impactapp-web\node_modules\next\dist\compiled\next-server\app-route.runtime.prod.js:6:38417
    at C:\DEV3\ImpactEdu\impactapp-web\node_modules\next\dist\server\lib\trace\tracer.js:140:36
    at NoopContextManager.with 
(C:\DEV3\ImpactEdu\impactapp-web\node_modules\@opentelemetry\api\build\src\context\NoopContextManager.js:14:19)
    at ContextAPI.with (C:\DEV3\ImpactEdu\impactapp-web\node_modules\@opentelemetry\api\build\src\api\context.js:51:46)
    at NoopTracer.startActiveSpan 
(C:\DEV3\ImpactEdu\impactapp-web\node_modules\@opentelemetry\api\build\src\trace\NoopTracer.js:54:31)
    at ProxyTracer.startActiveSpan 
(C:\DEV3\ImpactEdu\impactapp-web\node_modules\@opentelemetry\api\build\src\trace\ProxyTracer.js:27:24)
    at C:\DEV3\ImpactEdu\impactapp-web\node_modules\next\dist\server\lib\trace\tracer.js:122:103 {
  description: "Route /api/circle-member couldn't be rendered statically because it used `request.headers`. See more 
info here: https://nextjs.org/docs/messages/dynamic-server-error",
  digest: 'DYNAMIC_SERVER_USAGE'
}
ÔØî Fetch facilitator classes error: B [Error]: Dynamic server usage: Route /api/facilitator/classes couldn't be 
rendered statically because it used `request.headers`. See more info here: 
https://nextjs.org/docs/messages/dynamic-server-error
    at V (C:\DEV3\ImpactEdu\impactapp-web\node_modules\next\dist\compiled\next-server\app-route.runtime.prod.js:6:21778)
    at Object.get 
(C:\DEV3\ImpactEdu\impactapp-web\node_modules\next\dist\compiled\next-server\app-route.runtime.prod.js:6:29465)
    at C:\DEV3\ImpactEdu\impactapp-web\.next\server\app\api\facilitator\classes\route.js:1:2110
    at C:\DEV3\ImpactEdu\impactapp-web\node_modules\next\dist\compiled\next-server\app-route.runtime.prod.js:6:38417
    at C:\DEV3\ImpactEdu\impactapp-web\node_modules\next\dist\server\lib\trace\tracer.js:140:36
    at NoopContextManager.with 
(C:\DEV3\ImpactEdu\impactapp-web\node_modules\@opentelemetry\api\build\src\context\NoopContextManager.js:14:19)
    at ContextAPI.with (C:\DEV3\ImpactEdu\impactapp-web\node_modules\@opentelemetry\api\build\src\api\context.js:51:46)
    at NoopTracer.startActiveSpan 
(C:\DEV3\ImpactEdu\impactapp-web\node_modules\@opentelemetry\api\build\src\trace\NoopTracer.js:54:31)
    at ProxyTracer.startActiveSpan 
(C:\DEV3\ImpactEdu\impactapp-web\node_modules\@opentelemetry\api\build\src\trace\ProxyTracer.js:27:24)
    at C:\DEV3\ImpactEdu\impactapp-web\node_modules\next\dist\server\lib\trace\tracer.js:122:103 {
  description: "Route /api/facilitator/classes couldn't be rendered statically because it used `request.headers`. See 
more info here: https://nextjs.org/docs/messages/dynamic-server-error",
  digest: 'DYNAMIC_SERVER_USAGE'
}
ÔØî Fetch progress error: B [Error]: Dynamic server usage: Route /api/progress couldn't be rendered statically because 
it used `request.headers`. See more info here: https://nextjs.org/docs/messages/dynamic-server-error
    at V (C:\DEV3\ImpactEdu\impactapp-web\node_modules\next\dist\compiled\next-server\app-route.runtime.prod.js:6:21778)
    at Object.get 
(C:\DEV3\ImpactEdu\impactapp-web\node_modules\next\dist\compiled\next-server\app-route.runtime.prod.js:6:29465)
    at C:\DEV3\ImpactEdu\impactapp-web\.next\server\app\api\progress\route.js:1:2099
    at C:\DEV3\ImpactEdu\impactapp-web\node_modules\next\dist\compiled\next-server\app-route.runtime.prod.js:6:38417
    at C:\DEV3\ImpactEdu\impactapp-web\node_modules\next\dist\server\lib\trace\tracer.js:140:36
    at NoopContextManager.with 
(C:\DEV3\ImpactEdu\impactapp-web\node_modules\@opentelemetry\api\build\src\context\NoopContextManager.js:14:19)
    at ContextAPI.with (C:\DEV3\ImpactEdu\impactapp-web\node_modules\@opentelemetry\api\build\src\api\context.js:51:46)
    at NoopTracer.startActiveSpan 
(C:\DEV3\ImpactEdu\impactapp-web\node_modules\@opentelemetry\api\build\src\trace\NoopTracer.js:54:31)
    at ProxyTracer.startActiveSpan 
(C:\DEV3\ImpactEdu\impactapp-web\node_modules\@opentelemetry\api\build\src\trace\ProxyTracer.js:27:24)
    at C:\DEV3\ImpactEdu\impactapp-web\node_modules\next\dist\server\lib\trace\tracer.js:122:103 {
  description: "Route /api/progress couldn't be rendered statically because it used `request.headers`. See more info 
here: https://nextjs.org/docs/messages/dynamic-server-error",
  digest: 'DYNAMIC_SERVER_USAGE'
}
ÔØî Error fetching user registrations: B [Error]: Dynamic server usage: Route /api/events/my-registrations couldn't be 
rendered statically because it used `request.headers`. See more info here: 
https://nextjs.org/docs/messages/dynamic-server-error
    at V (C:\DEV3\ImpactEdu\impactapp-web\node_modules\next\dist\compiled\next-server\app-route.runtime.prod.js:6:21778)
    at Object.get 
(C:\DEV3\ImpactEdu\impactapp-web\node_modules\next\dist\compiled\next-server\app-route.runtime.prod.js:6:29465)
    at l (C:\DEV3\ImpactEdu\impactapp-web\.next\server\app\api\events\my-registrations\route.js:1:1459)
    at C:\DEV3\ImpactEdu\impactapp-web\node_modules\next\dist\compiled\next-server\app-route.runtime.prod.js:6:38417
    at C:\DEV3\ImpactEdu\impactapp-web\node_modules\next\dist\server\lib\trace\tracer.js:140:36
    at NoopContextManager.with 
(C:\DEV3\ImpactEdu\impactapp-web\node_modules\@opentelemetry\api\build\src\context\NoopContextManager.js:14:19)
    at ContextAPI.with (C:\DEV3\ImpactEdu\impactapp-web\node_modules\@opentelemetry\api\build\src\api\context.js:51:46)
    at NoopTracer.startActiveSpan 
(C:\DEV3\ImpactEdu\impactapp-web\node_modules\@opentelemetry\api\build\src\trace\NoopTracer.js:54:31)
    at ProxyTracer.startActiveSpan 
(C:\DEV3\ImpactEdu\impactapp-web\node_modules\@opentelemetry\api\build\src\trace\ProxyTracer.js:27:24)
    at C:\DEV3\ImpactEdu\impactapp-web\node_modules\next\dist\server\lib\trace\tracer.js:122:103 {
  description: "Route /api/events/my-registrations couldn't be rendered statically because it used `request.headers`. 
See more info here: https://nextjs.org/docs/messages/dynamic-server-error",
  digest: 'DYNAMIC_SERVER_USAGE'
}
   Generating static pages (28/112) 
ÔØî Get profile error: B [Error]: Dynamic server usage: Route /api/user/profile couldn't be rendered statically because 
it used `request.headers`. See more info here: https://nextjs.org/docs/messages/dynamic-server-error
    at V (C:\DEV3\ImpactEdu\impactapp-web\node_modules\next\dist\compiled\next-server\app-route.runtime.prod.js:6:21778)
    at Object.get 
(C:\DEV3\ImpactEdu\impactapp-web\node_modules\next\dist\compiled\next-server\app-route.runtime.prod.js:6:29465)
    at d (C:\DEV3\ImpactEdu\impactapp-web\.next\server\app\api\user\profile\route.js:1:1460)
    at C:\DEV3\ImpactEdu\impactapp-web\node_modules\next\dist\compiled\next-server\app-route.runtime.prod.js:6:38417
    at C:\DEV3\ImpactEdu\impactapp-web\node_modules\next\dist\server\lib\trace\tracer.js:140:36
    at NoopContextManager.with 
(C:\DEV3\ImpactEdu\impactapp-web\node_modules\@opentelemetry\api\build\src\context\NoopContextManager.js:14:19)
    at ContextAPI.with (C:\DEV3\ImpactEdu\impactapp-web\node_modules\@opentelemetry\api\build\src\api\context.js:51:46)
    at NoopTracer.startActiveSpan 
(C:\DEV3\ImpactEdu\impactapp-web\node_modules\@opentelemetry\api\build\src\trace\NoopTracer.js:54:31)
    at ProxyTracer.startActiveSpan 
(C:\DEV3\ImpactEdu\impactapp-web\node_modules\@opentelemetry\api\build\src\trace\ProxyTracer.js:27:24)
    at C:\DEV3\ImpactEdu\impactapp-web\node_modules\next\dist\server\lib\trace\tracer.js:122:103 {
  description: "Route /api/user/profile couldn't be rendered statically because it used `request.headers`. See more 
info here: https://nextjs.org/docs/messages/dynamic-server-error",
  digest: 'DYNAMIC_SERVER_USAGE'
}
ÔØî Fetch university profile error: B [Error]: Dynamic server usage: Route /api/university/profile couldn't be rendered 
statically because it used `request.headers`. See more info here: https://nextjs.org/docs/messages/dynamic-server-error
    at V (C:\DEV3\ImpactEdu\impactapp-web\node_modules\next\dist\compiled\next-server\app-route.runtime.prod.js:6:21778)
    at Object.get 
(C:\DEV3\ImpactEdu\impactapp-web\node_modules\next\dist\compiled\next-server\app-route.runtime.prod.js:6:29465)
    at C:\DEV3\ImpactEdu\impactapp-web\.next\server\app\api\university\profile\route.js:1:2109
    at C:\DEV3\ImpactEdu\impactapp-web\node_modules\next\dist\compiled\next-server\app-route.runtime.prod.js:6:38417
    at C:\DEV3\ImpactEdu\impactapp-web\node_modules\next\dist\server\lib\trace\tracer.js:140:36
    at NoopContextManager.with 
(C:\DEV3\ImpactEdu\impactapp-web\node_modules\@opentelemetry\api\build\src\context\NoopContextManager.js:14:19)
    at ContextAPI.with (C:\DEV3\ImpactEdu\impactapp-web\node_modules\@opentelemetry\api\build\src\api\context.js:51:46)
    at NoopTracer.startActiveSpan 
(C:\DEV3\ImpactEdu\impactapp-web\node_modules\@opentelemetry\api\build\src\trace\NoopTracer.js:54:31)
    at ProxyTracer.startActiveSpan 
(C:\DEV3\ImpactEdu\impactapp-web\node_modules\@opentelemetry\api\build\src\trace\ProxyTracer.js:27:24)
    at C:\DEV3\ImpactEdu\impactapp-web\node_modules\next\dist\server\lib\trace\tracer.js:122:103 {
  description: "Route /api/university/profile couldn't be rendered statically because it used `request.headers`. See 
more info here: https://nextjs.org/docs/messages/dynamic-server-error",
  digest: 'DYNAMIC_SERVER_USAGE'
}
ÔÜá´©Å No user in localStorage on rehydrate
ÔÜá´©Å No user in localStorage on rehydrate
ÔÜá´©Å No user in localStorage on rehydrate
Time 24.9924
Time 12.9042
ÔÜá´©Å No user in localStorage on rehydrate
ÔÜá´©Å No user in localStorage on rehydrate
ÔÜá´©Å No user in localStorage on rehydrate
ÔÜá´©Å No user in localStorage on rehydrate
ÔÜá´©Å No user in localStorage on rehydrate
ÔÜá´©Å No user in localStorage on rehydrate
ÔÜá´©Å No user in localStorage on rehydrate
   Generating static pages (56/112) 
Health check failed: PrismaClientInitializationError: 
Invalid `prisma.$queryRaw()` invocation:


Server has closed the connection.
    at Mn.handleRequestError (C:\DEV3\ImpactEdu\impactapp-web\node_modules\@prisma\client\runtime\library.js:121:8053)
    at Mn.handleAndLogRequestError 
(C:\DEV3\ImpactEdu\impactapp-web\node_modules\@prisma\client\runtime\library.js:121:7061)
    at Mn.request (C:\DEV3\ImpactEdu\impactapp-web\node_modules\@prisma\client\runtime\library.js:121:6745)
    at async l (C:\DEV3\ImpactEdu\impactapp-web\node_modules\@prisma\client\runtime\library.js:130:9633)
    at async C:\DEV3\ImpactEdu\impactapp-web\.next\server\app\api\health\route.js:1:2043
    at async 
C:\DEV3\ImpactEdu\impactapp-web\node_modules\next\dist\compiled\next-server\app-route.runtime.prod.js:6:38411
    at async e_.execute 
(C:\DEV3\ImpactEdu\impactapp-web\node_modules\next\dist\compiled\next-server\app-route.runtime.prod.js:6:27880)
    at async e_.handle 
(C:\DEV3\ImpactEdu\impactapp-web\node_modules\next\dist\compiled\next-server\app-route.runtime.prod.js:6:39943)
    at async exportAppRoute (C:\DEV3\ImpactEdu\impactapp-web\node_modules\next\dist\export\routes\app-route.js:77:26)
    at async exportPageImpl (C:\DEV3\ImpactEdu\impactapp-web\node_modules\next\dist\export\worker.js:175:20) {
  clientVersion: '5.20.0',
  errorCode: undefined
}
ÔÜá´©Å No user in localStorage on rehydrate
   Generating static pages (84/112) 
 Ô£ô Generating static pages (112/112)
   Finalizing page optimization ...
   Collecting build traces ...

Route (app)                                     Size     First Load JS
Ôöî Ôùï /                                           11.6 kB         162 kB
Ôö£ Ôùï /_not-found                                 919 B           149 kB
Ôö£ Ôùï /about                                      226 B           151 kB
Ôö£ Ôùï /achievements                               2.71 kB         164 kB
Ôö£ Ôùï /achievements/badges                        3.47 kB         154 kB
Ôö£ Ôùï /achievements/certificates                  1.73 kB         152 kB
Ôö£ Ôùï /api/achievements                           0 B                0 B
Ôö£ ãÆ /api/achievements/user                      0 B                0 B
Ôö£ ãÆ /api/admin/dashboard                        0 B                0 B
Ôö£ ãÆ /api/admin/events                           0 B                0 B
Ôö£ ãÆ /api/admin/events/[id]                      0 B                0 B
Ôö£ ãÆ /api/admin/events/analytics                 0 B                0 B
Ôö£ ãÆ /api/admin/school                           0 B                0 B
Ôö£ ãÆ /api/admin/seed                             0 B                0 B
Ôö£ ãÆ /api/admin/tiers                            0 B                0 B
Ôö£ ãÆ /api/admin/tiers/[id]                       0 B                0 B
Ôö£ ãÆ /api/admin/tiers/[id]/users                 0 B                0 B
Ôö£ ãÆ /api/admin/users                            0 B                0 B
Ôö£ ãÆ /api/admin/users/[id]                       0 B                0 B
Ôö£ ãÆ /api/analytics                              0 B                0 B
Ôö£ ãÆ /api/assignments                            0 B                0 B
Ôö£ ãÆ /api/assignments/[id]                       0 B                0 B
Ôö£ ãÆ /api/assignments/[id]/grade                 0 B                0 B
Ôö£ ãÆ /api/assignments/[id]/submit                0 B                0 B
Ôö£ ãÆ /api/auth/change-password                   0 B                0 B
Ôö£ ãÆ /api/auth/forgot-password                   0 B                0 B
Ôö£ ãÆ /api/auth/login                             0 B                0 B
Ôö£ ãÆ /api/auth/logout                            0 B                0 B
Ôö£ ãÆ /api/auth/register                          0 B                0 B
Ôö£ ãÆ /api/auth/reset-password                    0 B                0 B
Ôö£ ãÆ /api/auth/send-verification-email           0 B                0 B
Ôö£ ãÆ /api/auth/verify-email                      0 B                0 B
Ôö£ ãÆ /api/certificates                           0 B                0 B
Ôö£ ãÆ /api/circle-member                          0 B                0 B
Ôö£ ãÆ /api/courses                                0 B                0 B
Ôö£ ãÆ /api/courses/[id]                           0 B                0 B
Ôö£ ãÆ /api/courses/[id]/enroll                    0 B                0 B
Ôö£ ãÆ /api/courses/[id]/lessons                   0 B                0 B
Ôö£ ãÆ /api/courses/[id]/lessons/[lessonId]        0 B                0 B
Ôö£ ãÆ /api/events                                 0 B                0 B
Ôö£ ãÆ /api/events/[id]                            0 B                0 B
Ôö£ ãÆ /api/events/[id]/register                   0 B                0 B
Ôö£ ãÆ /api/events/my-registrations                0 B                0 B
Ôö£ ãÆ /api/facilitator/classes                    0 B                0 B
Ôö£ ãÆ /api/files                                  0 B                0 B
Ôö£ ãÆ /api/files/[key]                            0 B                0 B
Ôö£ ãÆ /api/health                                 0 B                0 B
Ôö£ ãÆ /api/leaderboard                            0 B                0 B
Ôö£ ãÆ /api/leaderboard/my-rank                    0 B                0 B
Ôö£ ãÆ /api/leaderboard/update                     0 B                0 B
Ôö£ ãÆ /api/lessons/[id]                           0 B                0 B
Ôö£ ãÆ /api/lessons/[id]/complete                  0 B                0 B
Ôö£ ãÆ /api/mentor                                 0 B                0 B
Ôö£ ãÆ /api/onboarding                             0 B                0 B
Ôö£ ãÆ /api/parent-child                           0 B                0 B
Ôö£ ãÆ /api/payments/[id]/status                   0 B                0 B
Ôö£ ãÆ /api/payments/[id]/verify                   0 B                0 B
Ôö£ ãÆ /api/payments/checkout                      0 B                0 B
Ôö£ ãÆ /api/payments/create                        0 B                0 B
Ôö£ ãÆ /api/payments/webhook                       0 B                0 B
Ôö£ ãÆ /api/progress                               0 B                0 B
Ôö£ ãÆ /api/public/metrics                         0 B                0 B
Ôö£ ãÆ /api/public/partners                        0 B                0 B
Ôö£ ãÆ /api/public/testimonials                    0 B                0 B
Ôö£ ãÆ /api/quizzes/[id]                           0 B                0 B
Ôö£ ãÆ /api/quizzes/[id]/submit                    0 B                0 B
Ôö£ ãÆ /api/test/leaderboard                       0 B                0 B
Ôö£ ãÆ /api/test/notification                      0 B                0 B
Ôö£ ãÆ /api/testimonials                           0 B                0 B
Ôö£ ãÆ /api/university/profile                     0 B                0 B
Ôö£ ãÆ /api/user/profile                           0 B                0 B
Ôö£ Ôùï /auth/login                                 2.98 kB         160 kB
Ôö£ Ôùï /auth/register                              4.8 kB          162 kB
Ôö£ Ôùï /blog                                       3.06 kB         153 kB
Ôö£ Ôùï /community                                  152 B           148 kB
Ôö£ Ôùï /dashboard                                  39.7 kB         209 kB
Ôö£ Ôùï /dashboard/activities                       2.65 kB         153 kB
Ôö£ Ôùï /dashboard/admin/analytics                  111 kB          259 kB
Ôö£ Ôùï /dashboard/admin/events                     4.55 kB         155 kB
Ôö£ ãÆ /dashboard/admin/events/[slug]/edit         352 B           153 kB
Ôö£ Ôùï /dashboard/admin/events/new                 224 B           153 kB
Ôö£ Ôùï /dashboard/admin/tiers                      8.04 kB         156 kB
Ôö£ Ôùï /dashboard/admin/users                      7.3 kB          155 kB
Ôö£ Ôùï /dashboard/announcements                    1.5 kB          152 kB
Ôö£ Ôùï /dashboard/assignments                      3.1 kB          153 kB
Ôö£ Ôùï /dashboard/certificates                     3.28 kB         151 kB
Ôö£ Ôùï /dashboard/challenges                       1.6 kB          150 kB
Ôö£ Ôùï /dashboard/class-group                      1.4 kB          152 kB
Ôö£ Ôùï /dashboard/community                        4.76 kB         153 kB
Ôö£ Ôùï /dashboard/courses                          2.63 kB         153 kB
Ôö£ ãÆ /dashboard/courses/[id]                     5.71 kB         156 kB
Ôö£ ãÆ /dashboard/courses/[id]/lessons/[lessonId]  3.78 kB         154 kB
Ôö£ Ôùï /dashboard/events                           4.83 kB         155 kB
Ôö£ ãÆ /dashboard/events/[slug]                    2.46 kB         151 kB
Ôö£ Ôùï /dashboard/events/calendar                  4.45 kB         155 kB
Ôö£ Ôùï /dashboard/facilitator                      4.77 kB         153 kB
Ôö£ Ôùï /dashboard/learn                            5.5 kB          154 kB
Ôö£ Ôùï /dashboard/learn/assignment                 5.55 kB         154 kB
Ôö£ Ôùï /dashboard/learn/lesson                     5.41 kB         154 kB
Ôö£ Ôùï /dashboard/learn/quiz                       4.82 kB         153 kB
Ôö£ Ôùï /dashboard/learning-journey                 3.2 kB          154 kB
Ôö£ Ôùï /dashboard/learning-journey/continue        1.43 kB         152 kB
Ôö£ Ôùï /dashboard/mentor                           3.03 kB         151 kB
Ôö£ Ôùï /dashboard/messages                         1.31 kB         152 kB
Ôö£ Ôùï /dashboard/my-events                        5.35 kB         156 kB
Ôö£ Ôùï /dashboard/profile                          6.47 kB         158 kB
Ôö£ Ôùï /dashboard/progress                         3.14 kB         154 kB
Ôö£ Ôùï /dashboard/projects                         1.36 kB         150 kB
Ôö£ Ôùï /dashboard/resources                        1.38 kB         152 kB
Ôö£ Ôùï /dashboard/resources/guides                 1.61 kB         152 kB
Ôö£ Ôùï /dashboard/resources/library                1.59 kB         152 kB
Ôö£ Ôùï /dashboard/settings                         8.74 kB         160 kB
Ôö£ Ôùï /dashboard/student                          3.9 kB          154 kB
Ôö£ Ôùï /events                                     152 B           148 kB
Ôö£ Ôùï /forgot-password                            3.26 kB         151 kB
Ôö£ Ôùï /help                                       3.56 kB         154 kB
Ôö£ Ôùï /impactcircle                               4.29 kB         155 kB
Ôö£ Ôùï /impactedge                                 4.69 kB         155 kB
Ôö£ Ôùï /impacthub                                  5.06 kB         155 kB
Ôö£ Ôùï /impactleaders                              4.93 kB         155 kB
Ôö£ Ôùï /impactschools                              4.23 kB         155 kB
Ôö£ Ôùï /impactuni                                  4.5 kB          155 kB
Ôö£ Ôùï /join-impact-club                           4.93 kB         155 kB
Ôö£ Ôùï /leaderboard                                9 kB            170 kB
Ôö£ Ôùï /learning                                   152 B           148 kB
Ôö£ Ôùï /legal/code-of-conduct                      3.43 kB         154 kB
Ôö£ Ôùï /legal/compliance                           3.2 kB          154 kB
Ôö£ Ôùï /legal/privacy                              2.78 kB         153 kB
Ôö£ Ôùï /legal/terms                                3.18 kB         154 kB
Ôö£ Ôùï /membership                                 4.49 kB         155 kB
Ôö£ Ôùï /onboarding                                 3.66 kB         159 kB
Ôö£ Ôùï /partnerships                               4.79 kB         155 kB
Ôö£ Ôùï /payments                                   1.55 kB         152 kB
Ôö£ Ôùï /payments/bank-confirmation                 1.82 kB         152 kB
Ôö£ Ôùï /payments/bank-transfer                     2.76 kB         151 kB
Ôö£ Ôùï /payments/callback                          1.58 kB         150 kB
Ôö£ Ôùï /payments/flutterwave                       2.26 kB         150 kB
Ôö£ Ôùï /programmes                                 4.65 kB         155 kB
Ôö£ Ôùï /reset-password                             3.45 kB         152 kB
Ôö£ Ôùï /responsive-test                            1.58 kB         150 kB
Ôö£ Ôùï /test                                       1.14 kB         149 kB
Ôöö Ôùï /test-landing                               605 B           149 kB
+ First Load JS shared by all                   148 kB
  Ôö£ chunks/131-743e7a3a82807809.js              92.1 kB
  Ôö£ chunks/fd9d1056-020fe3ece09de73c.js         53.7 kB
  Ôöö other shared chunks (total)                 2.41 kB


ãÆ Middleware                                    35.7 kB

Ôùï  (Static)   prerendered as static content
ãÆ  (Dynamic)  server-rendered on demand

